// Jest Snapshot v1, https://goo.gl/fbAQLP

exports[`Snapshot test Testing Footer 1`] = `
Array [
  <hr />,
  <center>
    Â© Developer Funnels 
     
  </center>,
]
`;
